Resolving dependencies...
Downloading packages...
  characters 1.4.0 (1.4.1 available)
  confetti 0.7.0 (0.8.0 available)
  device_info_plus 9.1.2 (12.3.0 available)
  flutter_lints 5.0.0 (6.0.0 available)
  flutter_secure_storage 9.2.4 (10.0.0 available)
  flutter_secure_storage_linux 1.2.3 (3.0.0 available)
  flutter_secure_storage_macos 3.1.3 (4.0.0 available)
  flutter_secure_storage_platform_interface 1.1.2 (2.0.1 available)
  flutter_secure_storage_web 1.2.1 (2.1.0 available)
  flutter_secure_storage_windows 3.1.2 (4.1.0 available)
  home_widget 0.7.0+1 (0.8.1 available)
  image_picker 1.1.2 (1.2.1 available)
  image_picker_for_web 3.0.2 (3.1.1 available)
  intl 0.19.0 (0.20.2 available)
  js 0.6.7 (0.7.2 available)
  lints 5.1.1 (6.0.0 available)
  matcher 0.12.17 (0.12.18 available)
  material_color_utilities 0.11.1 (0.13.0 available)
  meta 1.16.0 (1.17.0 available)
  mime 1.0.6 (2.0.0 available)
  package_info_plus 8.3.1 (9.0.0 available)
  share_plus 10.1.4 (12.0.1 available)
  share_plus_platform_interface 5.0.2 (6.1.0 available)
  shared_preferences 2.2.3 (2.5.4 available)
  table_calendar 3.1.3 (3.2.0 available)
  test_api 0.7.6 (0.7.8 available)
  uni_links 0.5.1 (discontinued replaced by app_links)
  vibration 2.1.0 (3.1.5 available)
  vibration_platform_interface 0.0.3 (0.1.1 available)
  win32_registry 1.1.5 (2.1.0 available)
Got dependencies!
1 package is discontinued.
29 packages have newer versions incompatible with dependency constraints.
Try `flutter pub outdated` for more information.
Running Gradle task 'assembleDebug'...                          

FAILURE: Build failed with an exception.

* What went wrong:
A problem occurred configuring project ':uni_links'.
> Could not create an instance of type com.android.build.api.variant.impl.LibraryVariantBuilderImpl.
   > Namespace not specified. Specify a namespace in the module's build file: C:\Users\jiuxi\AppData\Local\Pub\Cache\hosted\pub.dev\uni_links-0.5.1\android\build.gradle. See https://d.android.com/r/tools/upgrade-assistant/set-namespace for information about setting the namespace.

     If you've specified the package attribute in the source AndroidManifest.xml, you can use the AGP Upgrade Assistant to migrate to the namespace value in the build file. Refer to https://d.android.com/r/tools/upgrade-assistant/agp-upgrade-assistant for general information about using the AGP Upgrade Assistant.

* Try:
> Run with --stacktrace option to get the stack trace.
> Run with --info or --debug option to get more log output.
> Run with --scan to get full insights.
> Get more help at https://help.gradle.org.

BUILD FAILED in 1s
Running Gradle task 'assembleDebug'...                           2,097ms
Gradle task assembleDebug failed with exit code 1
