00:00 +0: loading D:/download/xm/ying/test/providers/events_provider_test.dart
test/providers/events_provider_test.dart:210:9: Error: No named parameter with the name 'reminders'.
        reminders: [
        ^^^^^^^^^
lib/providers/events_provider.dart:200:18: Error: The getter 'reminders' isn't defined for the type 'EventsProvider'.
 - 'EventsProvider' is from 'package:ying/providers/events_provider.dart' ('lib/providers/events_provider.dart').
Try correcting the name to the name of an existing getter, or defining a getter or field named 'reminders'.
      reminders: reminders ?? [],
                 ^^^^^^^^^
lib/providers/events_provider.dart:206:9: Error: The getter 'reminders' isn't defined for the type 'EventsProvider'.
 - 'EventsProvider' is from 'package:ying/providers/events_provider.dart' ('lib/providers/events_provider.dart').
Try correcting the name to the name of an existing getter, or defining a getter or field named 'reminders'.
    if (reminders != null) {
        ^^^^^^^^^
lib/providers/events_provider.dart:207:28: Error: The getter 'reminders' isn't defined for the type 'EventsProvider'.
 - 'EventsProvider' is from 'package:ying/providers/events_provider.dart' ('lib/providers/events_provider.dart').
Try correcting the name to the name of an existing getter, or defining a getter or field named 'reminders'.
      for (var reminder in reminders) {
                           ^^^^^^^^^
lib/providers/events_provider.dart:209:68: Error: The getter 'eventId' isn't defined for the type 'EventsProvider'.
 - 'EventsProvider' is from 'package:ying/providers/events_provider.dart' ('lib/providers/events_provider.dart').
Try correcting the name to the name of an existing getter, or defining a getter or field named 'eventId'.
        await _dbService.insertReminder(reminder.copyWith(eventId: eventId).toMap());
                                                                   ^^^^^^^
00:00 +0 -1: loading D:/download/xm/ying/test/providers/events_provider_test.dart [E]
  Failed to load "D:/download/xm/ying/test/providers/events_provider_test.dart":
  Compilation failed for testPath=D:/download/xm/ying/test/providers/events_provider_test.dart: test/providers/events_provider_test.dart:210:9: Error: No named parameter with the name 'reminders'.
          reminders: [
          ^^^^^^^^^
  lib/providers/events_provider.dart:200:18: Error: The getter 'reminders' isn't defined for the type 'EventsProvider'.
   - 'EventsProvider' is from 'package:ying/providers/events_provider.dart' ('lib/providers/events_provider.dart').
  Try correcting the name to the name of an existing getter, or defining a getter or field named 'reminders'.
        reminders: reminders ?? [],
                   ^^^^^^^^^
  lib/providers/events_provider.dart:206:9: Error: The getter 'reminders' isn't defined for the type 'EventsProvider'.
   - 'EventsProvider' is from 'package:ying/providers/events_provider.dart' ('lib/providers/events_provider.dart').
  Try correcting the name to the name of an existing getter, or defining a getter or field named 'reminders'.
      if (reminders != null) {
          ^^^^^^^^^
  lib/providers/events_provider.dart:207:28: Error: The getter 'reminders' isn't defined for the type 'EventsProvider'.
   - 'EventsProvider' is from 'package:ying/providers/events_provider.dart' ('lib/providers/events_provider.dart').
  Try correcting the name to the name of an existing getter, or defining a getter or field named 'reminders'.
        for (var reminder in reminders) {
                             ^^^^^^^^^
  lib/providers/events_provider.dart:209:68: Error: The getter 'eventId' isn't defined for the type 'EventsProvider'.
   - 'EventsProvider' is from 'package:ying/providers/events_provider.dart' ('lib/providers/events_provider.dart').
  Try correcting the name to the name of an existing getter, or defining a getter or field named 'eventId'.
          await _dbService.insertReminder(reminder.copyWith(eventId: eventId).toMap());
                                                                     ^^^^^^^
  .
00:00 +0 -1: Some tests failed.
